// Jest Snapshot v1, https://goo.gl/fbAQLP

exports[`renders properly 1`] = `
<styled.div>
  <styled.div>
    <Styled(styled.div) />
    <Styled(styled.div) />
    <Styled(styled.div) />
    <Styled(styled.div) />
  </styled.div>
</styled.div>
`;
